================================================================================
Job started at: Fri Mar 27 15:08:15 CET 2026
Node: mel0147
================================================================================

[RUN] Language x Sector analysis...

======================================================================
Language x Sector Analysis - Luxembourg Websites
======================================================================
[LOAD] Loading language extraction results...
  Language results: 83,728 website-years
  Needs FastText fallback: 5,937
[LOAD] Loading FastText data for fallback...
  FastText records: 82,058
  FastText fallback applied: 4,995
[LOAD] Loading topic assignments...
  Topic assignments: 81,585 website-years
  After removing outliers: 47,298

[JOIN] Merging language and topic data...
  Matched: 47,298 website-years
  Year range: 2013 - 2024
  After year filter (2016-2024): 44,207

[STATS] Computing sector x language statistics...
  Sectors in 2024: 16
  Evolution: 16 sectors x 9 years
  Essential: 539 websites
  Market: 1519 websites
  Portuguese gap computed for 16 sectors

[SAVE] Writing /mnt/tier2/project/p200812/blog/language_sector_lux/output/stats.json...
  Done!

======================================================================
Language availability by sector (2024)
======================================================================
  Sector                        N    FR    DE    EN    LB    PT  Multi
  ------------------------------------------------------------------------
  Other                       798  72.3  34.1  41.2   8.8   3.3   40.2
  Real Estate                 643  92.1  32.3  44.0   5.4   3.4   48.5
  Finance & Law               366  61.5  29.0  64.5   4.6   2.5   44.0
  Construction                360  81.1  42.8  18.9   4.4   1.7   35.8
  Services                    305  83.9  26.6  34.8   5.6   2.3   36.1
  Data Protection             283  67.8  45.6  33.6   5.3   2.5   38.2
  Restaurants                 260  86.2  11.9  38.1   2.3   0.8   33.1
  Retail                      250  80.8  38.0  33.2   3.6   1.6   38.4
  Healthcare                  238  84.9  37.4  33.2   9.2   2.9   45.8
  IT & Digital                216  65.3  17.1  57.4   1.9   1.9   33.8
  Public Services             187  87.2  31.6  28.3  17.1   0.0   42.2
  Sports                      166  74.7  34.9  38.0  21.7   1.8   45.8
  Culture & Tourism           160  71.2  53.1  50.6  20.6   0.6   57.5
  Community                   156  64.1  42.3  32.1  32.7   1.9   53.2
  Automotive                  127  89.0  33.9  22.8  16.5   8.7   40.2
  Childcare                   114  97.4  20.2  18.4  16.7   5.3   34.2

======================================================================
Essential vs Market comparison
======================================================================
  Essential Services        N= 539  FR= 88.3  EN= 28.4  PT=  2.4  Multi= 42.1
  Market-Driven Sectors     N=1519  FR= 81.8  EN= 46.1  PT=  2.4  Multi= 43.1

================================================================================
Job completed at: Fri Mar 27 15:08:49 CET 2026
Exit code: 0
================================================================================
