================================================================================
Job started at: Fri Jun 26 20:13:17 CEST 2026
Node: mel0149
Array index: 4
Year: 2017
================================================================================

[RUN] Extracting third-party requests for year 2017...

======================================================================
Web Trackers - Third-Party Extraction for 2017
======================================================================
[CONFIG] 25 strong + 12 weak CMP signatures loaded
[2017] Found 117 raw gz files
[2017]   processed 25/117 files, 1,711 sites so far
[2017]   processed 50/117 files, 3,372 sites so far
[2017]   processed 75/117 files, 5,099 sites so far
[2017]   processed 100/117 files, 6,833 sites so far
[2017]   processed 117/117 files, 7,875 sites so far
[2017] Total pages scanned: 27,133
[2017] Unique .lu sites: 7,875
[2017] Sites after universe join: 7,381 (dropped 494 not in language sample)

[SAVE] Wrote 7,381 website-years -> /project/home/p200812/blog/web_trackers_lux/data/yearly/thirdparty_2017.parquet

[SUMMARY]
  Median third parties / site: 2.0
  Mean third parties / site:   2.75
  Sites with a CMP banner:     129 (1.7%)
  Sites served over HTTPS:     702 (9.5%)

DONE.

================================================================================
Job completed at: Fri Jun 26 20:14:23 CEST 2026
Exit code: 0
================================================================================
