================================================================================
Job started at: Fri Jun 26 20:13:18 CEST 2026
Node: mel0015
Array index: 8
Year: 2021
================================================================================

[RUN] Extracting third-party requests for year 2021...

======================================================================
Web Trackers - Third-Party Extraction for 2021
======================================================================
[CONFIG] 25 strong + 12 weak CMP signatures loaded
[2021] Found 150 raw gz files
[2021]   processed 25/150 files, 1,778 sites so far
[2021]   processed 50/150 files, 3,489 sites so far
[2021]   processed 75/150 files, 4,973 sites so far
[2021]   processed 100/150 files, 6,638 sites so far
[2021]   processed 125/150 files, 8,512 sites so far
[2021]   processed 150/150 files, 10,277 sites so far
[2021] Total pages scanned: 50,501
[2021] Unique .lu sites: 10,277
[2021] Sites after universe join: 10,021 (dropped 256 not in language sample)

[SAVE] Wrote 10,021 website-years -> /project/home/p200812/blog/web_trackers_lux/data/yearly/thirdparty_2021.parquet

[SUMMARY]
  Median third parties / site: 4.0
  Mean third parties / site:   4.32
  Sites with a CMP banner:     1,754 (17.5%)
  Sites served over HTTPS:     7,194 (71.8%)

DONE.

================================================================================
Job completed at: Fri Jun 26 20:17:09 CEST 2026
Exit code: 0
================================================================================
