================================================================================
Job started at: Sat Jun 27 11:17:37 CEST 2026
Node: mel0391
Array index: 7
Year: 2020
================================================================================

[RUN] Extracting third-party requests for year 2020...

======================================================================
Web Trackers - Third-Party Extraction for 2020
======================================================================
[CONFIG] 31 strong + 12 weak CMP signatures loaded
[2020] Found 150 raw gz files
[2020]   processed 25/150 files, 1,808 sites so far
[2020]   processed 50/150 files, 3,499 sites so far
[2020]   processed 75/150 files, 5,025 sites so far
[2020]   processed 100/150 files, 6,707 sites so far
[2020]   processed 125/150 files, 8,601 sites so far
[2020]   processed 150/150 files, 10,396 sites so far
[2020] Total pages scanned: 51,222
[2020] Unique .lu sites: 10,396
[2020] Sites after universe join: 10,144 (dropped 252 not in language sample)

[SAVE] Wrote 10,144 website-years -> /project/home/p200812/blog/web_trackers_lux/data/yearly/thirdparty_2020.parquet

[SUMMARY]
  Median third parties / site: 4.0
  Mean third parties / site:   4.21
  Sites with a CMP banner:     2,394 (23.6%)
  Sites served over HTTPS:     5,717 (56.4%)

DONE.

================================================================================
Job completed at: Sat Jun 27 11:20:41 CEST 2026
Exit code: 0
================================================================================
