================================================================================
Job started at: Fri Jun 26 20:30:01 CEST 2026
Node: mel0122
================================================================================

[RUN] Generating web-trackers blog statistics...

======================================================================
Web Trackers - Blog Statistics
======================================================================
[LOAD] site_summary: 83,726  classified_requests: 307,494
[JOIN] Sites with a sector label: 47,298 (of 83,726)

[SAVE] /project/home/p200812/blog/web_trackers_lux/output/stats.json

======================================================================
THE CONSENT ILLUSION (per year)
======================================================================
  Year   Sites  MedTrk    CMP%     US%
  2013    2120     0.0     0.2    49.0
  2014    1920     0.0     0.4    54.0
  2015    1841     0.0     0.4    57.3
  2016    5806     0.0     1.1    59.0
  2017    7381     0.0     1.7    63.8
  2018    8401     0.0     5.2    63.4
  2019    9662     1.0    14.0    69.1
  2020   10144     1.0    17.7    62.9
  2021   10021     0.0    17.5    62.9
  2022    9654     0.0    18.6    59.8
  2023    8715     0.0    20.0    55.3
  2024    8061     0.0    22.2    51.7

[NEXT] Copy output/stats.json to the blog post directory:
  cp output/stats.json <website>/posts/web_trackers_lux/stats.json

DONE.

================================================================================
Job completed at: Fri Jun 26 20:30:17 CEST 2026
Exit code: 0
================================================================================
